// Jest Snapshot v1, https://goo.gl/fbAQLP

exports[`AppContainer snapshot testing Dispatch with BEGIN_GAME_CLICKED-action 1`] = `
<div>
  <div
    className="container mt-5"
  >
    <div
      className="row justify-content-center"
    >
      <div
        className="col-auto"
      >
        <h1
          className="display-2"
        >
          Карточная игра
        </h1>
      </div>
    </div>
    <div
      className="row justify-content-center mt-3"
    >
      <div
        className="col-auto"
      >
        <h1
          className="display-3"
        >
          Простой дурак
        </h1>
      </div>
    </div>
    <div
      className="row justify-content-center mt-5"
    >
      <div
        className="col-auto"
      >
        <span
          className="mr-4"
        >
          <b>
            Первым ходит:
          </b>
        </span>
        <span
          className="mr-2"
        >
          <input
            checked={true}
            className=""
            name="PlayerFirst"
            onChange={[Function]}
            type="radio"
          />
          <span
            className="ml-2"
          >
            Игрок
          </span>
        </span>
        <span
          className="mr-2"
        >
          <input
            checked={false}
            name="AiFirst"
            onChange={[Function]}
            type="radio"
          />
          <span
            className="ml-2"
          >
            Компьютер
          </span>
        </span>
      </div>
    </div>
    <div
      className="row justify-content-center mt-3"
    >
      <div
        className="col-auto"
      >
        <button
          className="btn btn-secondary mr-3"
          onClick={[Function]}
        >
          <span>
            —
          </span>
           Поехали!
        </button>
      </div>
    </div>
    <div
      className="row justify-content-center mt-3"
    >
      <div
        className="col-auto"
      >
        <a
          onClick={[Function]}
          style={Object {}}
        >
          Статистика игр
        </a>
      </div>
    </div>
  </div>
</div>
`;

exports[`AppContainer snapshot testing Dispatch with START_GAME_CLICKED-action 1`] = `
<div>
  <div
    className="container  my-1"
  >
    <div
      className="row justify-content-between"
    >
      <div
        className="col-auto"
      >
        <button
          className="btn btn-secondary mr-3"
          onClick={[Function]}
        >
          Новая игра
        </button>
      </div>
      <div
        className="col-auto"
      >
        <h3
          className="mt-2"
        >
          <span>
            —
          </span>
           
          Ваш ход!
        </h3>
      </div>
      <div
        className="col-2"
      />
    </div>
  </div>
  <div>
    <div
      className="container"
    >
      <div
        className="row"
      >
        <div
          className="col-1"
        />
        <div
          className="col-10"
        >
          <div
            className="container mt-1"
          >
            <div
              className="row justify-content-center"
            >
              <div
                className="col-1 ml-3 card mb-1 shirt"
              />
              <div
                className="col-1 ml-3 card mb-1 shirt"
              />
              <div
                className="col-1 ml-3 card mb-1 shirt"
              />
              <div
                className="col-1 ml-3 card mb-1 shirt"
              />
              <div
                className="col-1 ml-3 card mb-1 shirt"
              />
              <div
                className="col-1 ml-3 card mb-1 shirt"
              />
              <div
                className="col-1 align-self-center"
              />
            </div>
          </div>
        </div>
        <div
          className="col-1"
        />
      </div>
    </div>
    <div
      className="container"
    >
      <div
        className="row align-items-center"
      >
        <div
          className="col-10"
        >
          <div
            className="container invisible"
          >
            <div
              className="row"
            >
              <div
                className="col-1 card mb-1 shirt"
              />
            </div>
          </div>
          <div
            className="container invisible"
          >
            <div
              className="row"
            >
              <div
                className="col-1 card mb-1 shirt"
              />
            </div>
          </div>
        </div>
        <div
          className="col-2"
        >
          <div
            className="container"
          >
            <div
              className="row"
            >
              <div
                className="col-6 card mb-1"
                onClick={[Function]}
              >
                <div
                  className="row"
                >
                  <b
                    className="ml-1"
                  >
                    <b
                      className="blackText"
                    >
                      6
                    </b>
                  </b>
                </div>
                <div
                  className="row"
                >
                  <img
                    alt=""
                    className="littleSuitImg ml-1"
                    src="club.png"
                  />
                </div>
                <div
                  className="row justify-content-center"
                >
                  <img
                    alt=""
                    className="bigSuitImg my-2"
                    src="club.png"
                  />
                </div>
                <div
                  className="row justify-content-end"
                >
                  <img
                    alt=""
                    className="littleSuitImg rotated mr-1"
                    src="club.png"
                  />
                </div>
                <div
                  className="row justify-content-end"
                >
                  <b
                    className="rotated mr-1"
                  >
                    <b
                      className="blackText"
                    >
                      6
                    </b>
                  </b>
                </div>
              </div>
              <div
                className="col-6 card mb-1 shirt"
              />
            </div>
            <div
              className="row"
            >
              <div
                className="col-6"
              />
              <div
                className="col-6"
              >
                <div
                  className="container"
                >
                  <div
                    className="row justify-content-center"
                  >
                    <div
                      className="col-auto"
                    >
                      <b>
                        23
                      </b>
                    </div>
                  </div>
                </div>
              </div>
            </div>
          </div>
        </div>
      </div>
    </div>
    <div
      className="container"
    >
      <div
        className="row"
      >
        <div
          className="col-1"
        />
        <div
          className="col-10"
        >
          <div
            className="container"
          >
            <div
              className="row justify-content-center"
            >
              <div
                className="col-1 align-self-center"
              />
              <div
                className="col-1 card mb-1"
                onClick={[Function]}
              >
                <div
                  className="row"
                >
                  <b
                    className="ml-1"
                  >
                    <b
                      className="blackText"
                    >
                      6
                    </b>
                  </b>
                </div>
                <div
                  className="row"
                >
                  <img
                    alt=""
                    className="littleSuitImg ml-1"
                    src="spade.png"
                  />
                </div>
                <div
                  className="row justify-content-center"
                >
                  <img
                    alt=""
                    className="bigSuitImg my-2"
                    src="spade.png"
                  />
                </div>
                <div
                  className="row justify-content-end"
                >
                  <img
                    alt=""
                    className="littleSuitImg rotated mr-1"
                    src="spade.png"
                  />
                </div>
                <div
                  className="row justify-content-end"
                >
                  <b
                    className="rotated mr-1"
                  >
                    <b
                      className="blackText"
                    >
                      6
                    </b>
                  </b>
                </div>
              </div>
              <div
                className="col-1 card mb-1"
                onClick={[Function]}
              >
                <div
                  className="row"
                >
                  <b
                    className="ml-1"
                  >
                    <b
                      className="redText"
                    >
                      7
                    </b>
                  </b>
                </div>
                <div
                  className="row"
                >
                  <img
                    alt=""
                    className="littleSuitImg ml-1"
                    src="diamond.png"
                  />
                </div>
                <div
                  className="row justify-content-center"
                >
                  <img
                    alt=""
                    className="bigSuitImg my-2"
                    src="diamond.png"
                  />
                </div>
                <div
                  className="row justify-content-end"
                >
                  <img
                    alt=""
                    className="littleSuitImg rotated mr-1"
                    src="diamond.png"
                  />
                </div>
                <div
                  className="row justify-content-end"
                >
                  <b
                    className="rotated mr-1"
                  >
                    <b
                      className="redText"
                    >
                      7
                    </b>
                  </b>
                </div>
              </div>
              <div
                className="col-1 card mb-1"
                onClick={[Function]}
              >
                <div
                  className="row"
                >
                  <b
                    className="ml-1"
                  >
                    <b
                      className="redText"
                    >
                      Т
                    </b>
                  </b>
                </div>
                <div
                  className="row"
                >
                  <img
                    alt=""
                    className="littleSuitImg ml-1"
                    src="heart.png"
                  />
                </div>
                <div
                  className="row justify-content-center"
                >
                  <img
                    alt=""
                    className="bigSuitImg my-2"
                    src="heart.png"
                  />
                </div>
                <div
                  className="row justify-content-end"
                >
                  <img
                    alt=""
                    className="littleSuitImg rotated mr-1"
                    src="heart.png"
                  />
                </div>
                <div
                  className="row justify-content-end"
                >
                  <b
                    className="rotated mr-1"
                  >
                    <b
                      className="redText"
                    >
                      Т
                    </b>
                  </b>
                </div>
              </div>
              <div
                className="col-1 card mb-1"
                onClick={[Function]}
              >
                <div
                  className="row"
                >
                  <b
                    className="ml-1"
                  >
                    <b
                      className="blackText"
                    >
                      9
                    </b>
                  </b>
                </div>
                <div
                  className="row"
                >
                  <img
                    alt=""
                    className="littleSuitImg ml-1"
                    src="club.png"
                  />
                </div>
                <div
                  className="row justify-content-center"
                >
                  <img
                    alt=""
                    className="bigSuitImg my-2"
                    src="club.png"
                  />
                </div>
                <div
                  className="row justify-content-end"
                >
                  <img
                    alt=""
                    className="littleSuitImg rotated mr-1"
                    src="club.png"
                  />
                </div>
                <div
                  className="row justify-content-end"
                >
                  <b
                    className="rotated mr-1"
                  >
                    <b
                      className="blackText"
                    >
                      9
                    </b>
                  </b>
                </div>
              </div>
              <div
                className="col-1 card mb-1"
                onClick={[Function]}
              >
                <div
                  className="row"
                >
                  <b
                    className="ml-1"
                  >
                    <b
                      className="blackText"
                    >
                      10
                    </b>
                  </b>
                </div>
                <div
                  className="row"
                >
                  <img
                    alt=""
                    className="littleSuitImg ml-1"
                    src="club.png"
                  />
                </div>
                <div
                  className="row justify-content-center"
                >
                  <img
                    alt=""
                    className="bigSuitImg my-2"
                    src="club.png"
                  />
                </div>
                <div
                  className="row justify-content-end"
                >
                  <img
                    alt=""
                    className="littleSuitImg rotated mr-1"
                    src="club.png"
                  />
                </div>
                <div
                  className="row justify-content-end"
                >
                  <b
                    className="rotated mr-1"
                  >
                    <b
                      className="blackText"
                    >
                      10
                    </b>
                  </b>
                </div>
              </div>
              <div
                className="col-1 card mb-1"
                onClick={[Function]}
              >
                <div
                  className="row"
                >
                  <b
                    className="ml-1"
                  >
                    <b
                      className="blackText"
                    >
                      К
                    </b>
                  </b>
                </div>
                <div
                  className="row"
                >
                  <img
                    alt=""
                    className="littleSuitImg ml-1"
                    src="club.png"
                  />
                </div>
                <div
                  className="row justify-content-center"
                >
                  <img
                    alt=""
                    className="bigSuitImg my-2"
                    src="club.png"
                  />
                </div>
                <div
                  className="row justify-content-end"
                >
                  <img
                    alt=""
                    className="littleSuitImg rotated mr-1"
                    src="club.png"
                  />
                </div>
                <div
                  className="row justify-content-end"
                >
                  <b
                    className="rotated mr-1"
                  >
                    <b
                      className="blackText"
                    >
                      К
                    </b>
                  </b>
                </div>
              </div>
              <div
                className="col-1 align-self-center"
              />
            </div>
          </div>
        </div>
        <div
          className="col-1"
        />
      </div>
      <div
        className="row justify-content-center"
      >
        <div
          className="col-auto"
        />
      </div>
    </div>
  </div>
</div>
`;

exports[`AppContainer snapshot testing Dispatch with WHO_MOVE_FIRST_CHANGED-action 1`] = `
<div>
  <div
    className="container mt-5"
  >
    <div
      className="row justify-content-center"
    >
      <div
        className="col-auto"
      >
        <h1
          className="display-2"
        >
          Карточная игра
        </h1>
      </div>
    </div>
    <div
      className="row justify-content-center mt-3"
    >
      <div
        className="col-auto"
      >
        <h1
          className="display-3"
        >
          Простой дурак
        </h1>
      </div>
    </div>
    <div
      className="row justify-content-center mt-5"
    >
      <div
        className="col-auto"
      >
        <span
          className="mr-4"
        >
          <b>
            Первым ходит:
          </b>
        </span>
        <span
          className="mr-2"
        >
          <input
            checked={false}
            className=""
            name="PlayerFirst"
            onChange={[Function]}
            type="radio"
          />
          <span
            className="ml-2"
          >
            Игрок
          </span>
        </span>
        <span
          className="mr-2"
        >
          <input
            checked={true}
            name="AiFirst"
            onChange={[Function]}
            type="radio"
          />
          <span
            className="ml-2"
          >
            Компьютер
          </span>
        </span>
      </div>
    </div>
    <div
      className="row justify-content-center mt-3"
    >
      <div
        className="col-auto"
      >
        <button
          className="btn btn-secondary mr-3"
          onClick={[Function]}
        >
          <span>
            —
          </span>
           Поехали!
        </button>
      </div>
    </div>
    <div
      className="row justify-content-center mt-3"
    >
      <div
        className="col-auto"
      >
        <a
          onClick={[Function]}
          style={Object {}}
        >
          Статистика игр
        </a>
      </div>
    </div>
  </div>
</div>
`;

exports[`AppContainer snapshot testing Dispatch with WHO_MOVE_FIRST_CHANGED-action, AI move first 1`] = `
<div>
  <div
    className="container mt-5"
  >
    <div
      className="row justify-content-center"
    >
      <div
        className="col-auto"
      >
        <h1
          className="display-2"
        >
          Карточная игра
        </h1>
      </div>
    </div>
    <div
      className="row justify-content-center mt-3"
    >
      <div
        className="col-auto"
      >
        <h1
          className="display-3"
        >
          Простой дурак
        </h1>
      </div>
    </div>
    <div
      className="row justify-content-center mt-5"
    >
      <div
        className="col-auto"
      >
        <span
          className="mr-4"
        >
          <b>
            Первым ходит:
          </b>
        </span>
        <span
          className="mr-2"
        >
          <input
            checked={false}
            className=""
            name="PlayerFirst"
            onChange={[Function]}
            type="radio"
          />
          <span
            className="ml-2"
          >
            Игрок
          </span>
        </span>
        <span
          className="mr-2"
        >
          <input
            checked={true}
            name="AiFirst"
            onChange={[Function]}
            type="radio"
          />
          <span
            className="ml-2"
          >
            Компьютер
          </span>
        </span>
      </div>
    </div>
    <div
      className="row justify-content-center mt-3"
    >
      <div
        className="col-auto"
      >
        <button
          className="btn btn-secondary mr-3"
          onClick={[Function]}
        >
          <span>
            —
          </span>
           Поехали!
        </button>
      </div>
    </div>
    <div
      className="row justify-content-center mt-3"
    >
      <div
        className="col-auto"
      >
        <a
          onClick={[Function]}
          style={Object {}}
        >
          Статистика игр
        </a>
      </div>
    </div>
  </div>
</div>
`;

exports[`AppContainer snapshot testing Dispatch with WHO_MOVE_FIRST_CHANGED-action, Player move first 1`] = `
<div>
  <div
    className="container mt-5"
  >
    <div
      className="row justify-content-center"
    >
      <div
        className="col-auto"
      >
        <h1
          className="display-2"
        >
          Карточная игра
        </h1>
      </div>
    </div>
    <div
      className="row justify-content-center mt-3"
    >
      <div
        className="col-auto"
      >
        <h1
          className="display-3"
        >
          Простой дурак
        </h1>
      </div>
    </div>
    <div
      className="row justify-content-center mt-5"
    >
      <div
        className="col-auto"
      >
        <span
          className="mr-4"
        >
          <b>
            Первым ходит:
          </b>
        </span>
        <span
          className="mr-2"
        >
          <input
            checked={true}
            className=""
            name="PlayerFirst"
            onChange={[Function]}
            type="radio"
          />
          <span
            className="ml-2"
          >
            Игрок
          </span>
        </span>
        <span
          className="mr-2"
        >
          <input
            checked={false}
            name="AiFirst"
            onChange={[Function]}
            type="radio"
          />
          <span
            className="ml-2"
          >
            Компьютер
          </span>
        </span>
      </div>
    </div>
    <div
      className="row justify-content-center mt-3"
    >
      <div
        className="col-auto"
      >
        <button
          className="btn btn-secondary mr-3"
          onClick={[Function]}
        >
          <span>
            —
          </span>
           Поехали!
        </button>
      </div>
    </div>
    <div
      className="row justify-content-center mt-3"
    >
      <div
        className="col-auto"
      >
        <a
          onClick={[Function]}
          style={Object {}}
        >
          Статистика игр
        </a>
      </div>
    </div>
  </div>
</div>
`;

exports[`AppContainer snapshot testing Store in initial-state mode 1`] = `
<div>
  <div
    className="container mt-5"
  >
    <div
      className="row justify-content-center"
    >
      <div
        className="col-auto"
      >
        <h1
          className="display-2"
        >
          Карточная игра
        </h1>
      </div>
    </div>
    <div
      className="row justify-content-center mt-3"
    >
      <div
        className="col-auto"
      >
        <h1
          className="display-3"
        >
          Простой дурак
        </h1>
      </div>
    </div>
    <div
      className="row justify-content-center mt-5"
    >
      <div
        className="col-auto"
      >
        <span
          className="mr-4"
        >
          <b>
            Первым ходит:
          </b>
        </span>
        <span
          className="mr-2"
        >
          <input
            checked={true}
            className=""
            name="PlayerFirst"
            onChange={[Function]}
            type="radio"
          />
          <span
            className="ml-2"
          >
            Игрок
          </span>
        </span>
        <span
          className="mr-2"
        >
          <input
            checked={false}
            name="AiFirst"
            onChange={[Function]}
            type="radio"
          />
          <span
            className="ml-2"
          >
            Компьютер
          </span>
        </span>
      </div>
    </div>
    <div
      className="row justify-content-center mt-3"
    >
      <div
        className="col-auto"
      >
        <button
          className="btn btn-secondary mr-3"
          onClick={[Function]}
        >
          <span>
            —
          </span>
           Поехали!
        </button>
      </div>
    </div>
    <div
      className="row justify-content-center mt-3"
    >
      <div
        className="col-auto"
      >
        <a
          onClick={[Function]}
          style={Object {}}
        >
          Статистика игр
        </a>
      </div>
    </div>
  </div>
</div>
`;
