// Jest Snapshot v1, https://goo.gl/fbAQLP

exports[`GameScreenContainer snapshot testing Dispatching with BEGIN_GAME_CLICKED-action 1`] = `
<div>
  <div
    className="container  my-1"
  >
    <div
      className="row justify-content-between"
    >
      <div
        className="col-auto"
      >
        <button
          className="btn btn-secondary mr-3"
          onClick={[Function]}
        >
          Новая игра
        </button>
      </div>
      <div
        className="col-auto"
      >
        <h3
          className="mt-2"
        >
          <span>
            —
          </span>
           
          Ваш ход!
        </h3>
      </div>
      <div
        className="col-2"
      />
    </div>
  </div>
  <div>
    <div
      className="container"
    >
      <div
        className="row"
      >
        <div
          className="col-1"
        />
        <div
          className="col-10"
        >
          <div
            className="container invisible"
          >
            <div
              className="row"
            >
              <div
                className="col-1 card mb-1 shirt"
              />
            </div>
          </div>
        </div>
        <div
          className="col-1"
        />
      </div>
    </div>
    <div
      className="container"
    >
      <div
        className="row align-items-center"
      >
        <div
          className="col-10"
        >
          <div
            className="container invisible"
          >
            <div
              className="row"
            >
              <div
                className="col-1 card mb-1 shirt"
              />
            </div>
          </div>
          <div
            className="container invisible"
          >
            <div
              className="row"
            >
              <div
                className="col-1 card mb-1 shirt"
              />
            </div>
          </div>
        </div>
        <div
          className="col-2"
        >
          <div
            className="container"
          >
            <div
              className="row"
            />
            <div
              className="row"
            >
              <div
                className="col-6"
              />
              <div
                className="col-6"
              >
                <div
                  className="container"
                >
                  <div
                    className="row justify-content-center"
                  >
                    <div
                      className="col-auto"
                    >
                      <b />
                    </div>
                  </div>
                </div>
              </div>
            </div>
          </div>
        </div>
      </div>
    </div>
    <div
      className="container"
    >
      <div
        className="row"
      >
        <div
          className="col-1"
        />
        <div
          className="col-10"
        >
          <div
            className="container invisible"
          >
            <div
              className="row"
            >
              <div
                className="col-1 card mb-1 shirt"
              />
            </div>
          </div>
        </div>
        <div
          className="col-1"
        />
      </div>
      <div
        className="row justify-content-center"
      >
        <div
          className="col-auto"
        />
      </div>
    </div>
  </div>
</div>
`;

exports[`GameScreenContainer snapshot testing Dispatching with START_GAME_CLICKED-action 1`] = `
<div>
  <div
    className="container  my-1"
  >
    <div
      className="row justify-content-between"
    >
      <div
        className="col-auto"
      >
        <button
          className="btn btn-secondary mr-3"
          onClick={[Function]}
        >
          Новая игра
        </button>
      </div>
      <div
        className="col-auto"
      >
        <h3
          className="mt-2"
        >
          <span>
            —
          </span>
           
          Ваш ход!
        </h3>
      </div>
      <div
        className="col-2"
      />
    </div>
  </div>
  <div>
    <div
      className="container"
    >
      <div
        className="row"
      >
        <div
          className="col-1"
        />
        <div
          className="col-10"
        >
          <div
            className="container mt-1"
          >
            <div
              className="row justify-content-center"
            >
              <div
                className="col-1 ml-3 card mb-1 shirt"
              />
              <div
                className="col-1 ml-3 card mb-1 shirt"
              />
              <div
                className="col-1 ml-3 card mb-1 shirt"
              />
              <div
                className="col-1 ml-3 card mb-1 shirt"
              />
              <div
                className="col-1 ml-3 card mb-1 shirt"
              />
              <div
                className="col-1 ml-3 card mb-1 shirt"
              />
              <div
                className="col-1 align-self-center"
              />
            </div>
          </div>
        </div>
        <div
          className="col-1"
        />
      </div>
    </div>
    <div
      className="container"
    >
      <div
        className="row align-items-center"
      >
        <div
          className="col-10"
        >
          <div
            className="container invisible"
          >
            <div
              className="row"
            >
              <div
                className="col-1 card mb-1 shirt"
              />
            </div>
          </div>
          <div
            className="container invisible"
          >
            <div
              className="row"
            >
              <div
                className="col-1 card mb-1 shirt"
              />
            </div>
          </div>
        </div>
        <div
          className="col-2"
        >
          <div
            className="container"
          >
            <div
              className="row"
            >
              <div
                className="col-6 card mb-1"
                onClick={[Function]}
              >
                <div
                  className="row"
                >
                  <b
                    className="ml-1"
                  >
                    <b
                      className="redText"
                    >
                      К
                    </b>
                  </b>
                </div>
                <div
                  className="row"
                >
                  <img
                    alt=""
                    className="littleSuitImg ml-1"
                    src="heart.png"
                  />
                </div>
                <div
                  className="row justify-content-center"
                >
                  <img
                    alt=""
                    className="bigSuitImg my-2"
                    src="heart.png"
                  />
                </div>
                <div
                  className="row justify-content-end"
                >
                  <img
                    alt=""
                    className="littleSuitImg rotated mr-1"
                    src="heart.png"
                  />
                </div>
                <div
                  className="row justify-content-end"
                >
                  <b
                    className="rotated mr-1"
                  >
                    <b
                      className="redText"
                    >
                      К
                    </b>
                  </b>
                </div>
              </div>
              <div
                className="col-6 card mb-1 shirt"
              />
            </div>
            <div
              className="row"
            >
              <div
                className="col-6"
              />
              <div
                className="col-6"
              >
                <div
                  className="container"
                >
                  <div
                    className="row justify-content-center"
                  >
                    <div
                      className="col-auto"
                    >
                      <b>
                        23
                      </b>
                    </div>
                  </div>
                </div>
              </div>
            </div>
          </div>
        </div>
      </div>
    </div>
    <div
      className="container"
    >
      <div
        className="row"
      >
        <div
          className="col-1"
        />
        <div
          className="col-10"
        >
          <div
            className="container"
          >
            <div
              className="row justify-content-center"
            >
              <div
                className="col-1 align-self-center"
              />
              <div
                className="col-1 card mb-1"
                onClick={[Function]}
              >
                <div
                  className="row"
                >
                  <b
                    className="ml-1"
                  >
                    <b
                      className="blackText"
                    >
                      7
                    </b>
                  </b>
                </div>
                <div
                  className="row"
                >
                  <img
                    alt=""
                    className="littleSuitImg ml-1"
                    src="club.png"
                  />
                </div>
                <div
                  className="row justify-content-center"
                >
                  <img
                    alt=""
                    className="bigSuitImg my-2"
                    src="club.png"
                  />
                </div>
                <div
                  className="row justify-content-end"
                >
                  <img
                    alt=""
                    className="littleSuitImg rotated mr-1"
                    src="club.png"
                  />
                </div>
                <div
                  className="row justify-content-end"
                >
                  <b
                    className="rotated mr-1"
                  >
                    <b
                      className="blackText"
                    >
                      7
                    </b>
                  </b>
                </div>
              </div>
              <div
                className="col-1 card mb-1"
                onClick={[Function]}
              >
                <div
                  className="row"
                >
                  <b
                    className="ml-1"
                  >
                    <b
                      className="blackText"
                    >
                      8
                    </b>
                  </b>
                </div>
                <div
                  className="row"
                >
                  <img
                    alt=""
                    className="littleSuitImg ml-1"
                    src="club.png"
                  />
                </div>
                <div
                  className="row justify-content-center"
                >
                  <img
                    alt=""
                    className="bigSuitImg my-2"
                    src="club.png"
                  />
                </div>
                <div
                  className="row justify-content-end"
                >
                  <img
                    alt=""
                    className="littleSuitImg rotated mr-1"
                    src="club.png"
                  />
                </div>
                <div
                  className="row justify-content-end"
                >
                  <b
                    className="rotated mr-1"
                  >
                    <b
                      className="blackText"
                    >
                      8
                    </b>
                  </b>
                </div>
              </div>
              <div
                className="col-1 card mb-1"
                onClick={[Function]}
              >
                <div
                  className="row"
                >
                  <b
                    className="ml-1"
                  >
                    <b
                      className="redText"
                    >
                      В
                    </b>
                  </b>
                </div>
                <div
                  className="row"
                >
                  <img
                    alt=""
                    className="littleSuitImg ml-1"
                    src="diamond.png"
                  />
                </div>
                <div
                  className="row justify-content-center"
                >
                  <img
                    alt=""
                    className="bigSuitImg my-2"
                    src="diamond.png"
                  />
                </div>
                <div
                  className="row justify-content-end"
                >
                  <img
                    alt=""
                    className="littleSuitImg rotated mr-1"
                    src="diamond.png"
                  />
                </div>
                <div
                  className="row justify-content-end"
                >
                  <b
                    className="rotated mr-1"
                  >
                    <b
                      className="redText"
                    >
                      В
                    </b>
                  </b>
                </div>
              </div>
              <div
                className="col-1 card mb-1"
                onClick={[Function]}
              >
                <div
                  className="row"
                >
                  <b
                    className="ml-1"
                  >
                    <b
                      className="blackText"
                    >
                      В
                    </b>
                  </b>
                </div>
                <div
                  className="row"
                >
                  <img
                    alt=""
                    className="littleSuitImg ml-1"
                    src="club.png"
                  />
                </div>
                <div
                  className="row justify-content-center"
                >
                  <img
                    alt=""
                    className="bigSuitImg my-2"
                    src="club.png"
                  />
                </div>
                <div
                  className="row justify-content-end"
                >
                  <img
                    alt=""
                    className="littleSuitImg rotated mr-1"
                    src="club.png"
                  />
                </div>
                <div
                  className="row justify-content-end"
                >
                  <b
                    className="rotated mr-1"
                  >
                    <b
                      className="blackText"
                    >
                      В
                    </b>
                  </b>
                </div>
              </div>
              <div
                className="col-1 card mb-1"
                onClick={[Function]}
              >
                <div
                  className="row"
                >
                  <b
                    className="ml-1"
                  >
                    <b
                      className="redText"
                    >
                      Т
                    </b>
                  </b>
                </div>
                <div
                  className="row"
                >
                  <img
                    alt=""
                    className="littleSuitImg ml-1"
                    src="diamond.png"
                  />
                </div>
                <div
                  className="row justify-content-center"
                >
                  <img
                    alt=""
                    className="bigSuitImg my-2"
                    src="diamond.png"
                  />
                </div>
                <div
                  className="row justify-content-end"
                >
                  <img
                    alt=""
                    className="littleSuitImg rotated mr-1"
                    src="diamond.png"
                  />
                </div>
                <div
                  className="row justify-content-end"
                >
                  <b
                    className="rotated mr-1"
                  >
                    <b
                      className="redText"
                    >
                      Т
                    </b>
                  </b>
                </div>
              </div>
              <div
                className="col-1 card mb-1"
                onClick={[Function]}
              >
                <div
                  className="row"
                >
                  <b
                    className="ml-1"
                  >
                    <b
                      className="redText"
                    >
                      8
                    </b>
                  </b>
                </div>
                <div
                  className="row"
                >
                  <img
                    alt=""
                    className="littleSuitImg ml-1"
                    src="heart.png"
                  />
                </div>
                <div
                  className="row justify-content-center"
                >
                  <img
                    alt=""
                    className="bigSuitImg my-2"
                    src="heart.png"
                  />
                </div>
                <div
                  className="row justify-content-end"
                >
                  <img
                    alt=""
                    className="littleSuitImg rotated mr-1"
                    src="heart.png"
                  />
                </div>
                <div
                  className="row justify-content-end"
                >
                  <b
                    className="rotated mr-1"
                  >
                    <b
                      className="redText"
                    >
                      8
                    </b>
                  </b>
                </div>
              </div>
              <div
                className="col-1 align-self-center"
              />
            </div>
          </div>
        </div>
        <div
          className="col-1"
        />
      </div>
      <div
        className="row justify-content-center"
      >
        <div
          className="col-auto"
        />
      </div>
    </div>
  </div>
</div>
`;

exports[`GameScreenContainer snapshot testing Store contains some cards 1`] = `
<div>
  <div
    className="container  my-1"
  >
    <div
      className="row justify-content-between"
    >
      <div
        className="col-auto"
      >
        <button
          className="btn btn-secondary mr-3"
          onClick={[Function]}
        >
          Новая игра
        </button>
      </div>
      <div
        className="col-auto"
      >
        <h3
          className="mt-2"
        >
          <span>
            —
          </span>
           
          Ваш ход!
        </h3>
      </div>
      <div
        className="col-2"
      />
    </div>
  </div>
  <div>
    <div
      className="container"
    >
      <div
        className="row"
      >
        <div
          className="col-1"
        />
        <div
          className="col-10"
        >
          <div
            className="container mt-1"
          >
            <div
              className="row justify-content-center"
            >
              <div
                className="col-1 ml-3 card mb-1 shirt"
              />
              <div
                className="col-1 ml-3 card mb-1 shirt"
              />
              <div
                className="col-1 ml-3 card mb-1 shirt"
              />
              <div
                className="col-1 ml-3 card mb-1 shirt"
              />
              <div
                className="col-1 ml-3 card mb-1 shirt"
              />
              <div
                className="col-1 ml-3 card mb-1 shirt"
              />
              <div
                className="col-1 align-self-center"
              />
            </div>
          </div>
        </div>
        <div
          className="col-1"
        />
      </div>
    </div>
    <div
      className="container"
    >
      <div
        className="row align-items-center"
      >
        <div
          className="col-10"
        >
          <div
            className="container invisible"
          >
            <div
              className="row"
            >
              <div
                className="col-1 card mb-1 shirt"
              />
            </div>
          </div>
          <div
            className="container invisible"
          >
            <div
              className="row"
            >
              <div
                className="col-1 card mb-1 shirt"
              />
            </div>
          </div>
        </div>
        <div
          className="col-2"
        >
          <div
            className="container"
          >
            <div
              className="row"
            >
              <div
                className="col-6 card mb-1"
                onClick={[Function]}
              >
                <div
                  className="row"
                >
                  <b
                    className="ml-1"
                  >
                    <b
                      className="redText"
                    >
                      К
                    </b>
                  </b>
                </div>
                <div
                  className="row"
                >
                  <img
                    alt=""
                    className="littleSuitImg ml-1"
                    src="diamond.png"
                  />
                </div>
                <div
                  className="row justify-content-center"
                >
                  <img
                    alt=""
                    className="bigSuitImg my-2"
                    src="diamond.png"
                  />
                </div>
                <div
                  className="row justify-content-end"
                >
                  <img
                    alt=""
                    className="littleSuitImg rotated mr-1"
                    src="diamond.png"
                  />
                </div>
                <div
                  className="row justify-content-end"
                >
                  <b
                    className="rotated mr-1"
                  >
                    <b
                      className="redText"
                    >
                      К
                    </b>
                  </b>
                </div>
              </div>
              <div
                className="col-6 card mb-1 shirt"
              />
            </div>
            <div
              className="row"
            >
              <div
                className="col-6"
              />
              <div
                className="col-6"
              >
                <div
                  className="container"
                >
                  <div
                    className="row justify-content-center"
                  >
                    <div
                      className="col-auto"
                    >
                      <b>
                        23
                      </b>
                    </div>
                  </div>
                </div>
              </div>
            </div>
          </div>
        </div>
      </div>
    </div>
    <div
      className="container"
    >
      <div
        className="row"
      >
        <div
          className="col-1"
        />
        <div
          className="col-10"
        >
          <div
            className="container"
          >
            <div
              className="row justify-content-center"
            >
              <div
                className="col-1 align-self-center"
              />
              <div
                className="col-1 card mb-1"
                onClick={[Function]}
              >
                <div
                  className="row"
                >
                  <b
                    className="ml-1"
                  >
                    <b
                      className="blackText"
                    >
                      7
                    </b>
                  </b>
                </div>
                <div
                  className="row"
                >
                  <img
                    alt=""
                    className="littleSuitImg ml-1"
                    src="spade.png"
                  />
                </div>
                <div
                  className="row justify-content-center"
                >
                  <img
                    alt=""
                    className="bigSuitImg my-2"
                    src="spade.png"
                  />
                </div>
                <div
                  className="row justify-content-end"
                >
                  <img
                    alt=""
                    className="littleSuitImg rotated mr-1"
                    src="spade.png"
                  />
                </div>
                <div
                  className="row justify-content-end"
                >
                  <b
                    className="rotated mr-1"
                  >
                    <b
                      className="blackText"
                    >
                      7
                    </b>
                  </b>
                </div>
              </div>
              <div
                className="col-1 card mb-1"
                onClick={[Function]}
              >
                <div
                  className="row"
                >
                  <b
                    className="ml-1"
                  >
                    <b
                      className="blackText"
                    >
                      10
                    </b>
                  </b>
                </div>
                <div
                  className="row"
                >
                  <img
                    alt=""
                    className="littleSuitImg ml-1"
                    src="club.png"
                  />
                </div>
                <div
                  className="row justify-content-center"
                >
                  <img
                    alt=""
                    className="bigSuitImg my-2"
                    src="club.png"
                  />
                </div>
                <div
                  className="row justify-content-end"
                >
                  <img
                    alt=""
                    className="littleSuitImg rotated mr-1"
                    src="club.png"
                  />
                </div>
                <div
                  className="row justify-content-end"
                >
                  <b
                    className="rotated mr-1"
                  >
                    <b
                      className="blackText"
                    >
                      10
                    </b>
                  </b>
                </div>
              </div>
              <div
                className="col-1 card mb-1"
                onClick={[Function]}
              >
                <div
                  className="row"
                >
                  <b
                    className="ml-1"
                  >
                    <b
                      className="redText"
                    >
                      10
                    </b>
                  </b>
                </div>
                <div
                  className="row"
                >
                  <img
                    alt=""
                    className="littleSuitImg ml-1"
                    src="heart.png"
                  />
                </div>
                <div
                  className="row justify-content-center"
                >
                  <img
                    alt=""
                    className="bigSuitImg my-2"
                    src="heart.png"
                  />
                </div>
                <div
                  className="row justify-content-end"
                >
                  <img
                    alt=""
                    className="littleSuitImg rotated mr-1"
                    src="heart.png"
                  />
                </div>
                <div
                  className="row justify-content-end"
                >
                  <b
                    className="rotated mr-1"
                  >
                    <b
                      className="redText"
                    >
                      10
                    </b>
                  </b>
                </div>
              </div>
              <div
                className="col-1 card mb-1"
                onClick={[Function]}
              >
                <div
                  className="row"
                >
                  <b
                    className="ml-1"
                  >
                    <b
                      className="redText"
                    >
                      В
                    </b>
                  </b>
                </div>
                <div
                  className="row"
                >
                  <img
                    alt=""
                    className="littleSuitImg ml-1"
                    src="heart.png"
                  />
                </div>
                <div
                  className="row justify-content-center"
                >
                  <img
                    alt=""
                    className="bigSuitImg my-2"
                    src="heart.png"
                  />
                </div>
                <div
                  className="row justify-content-end"
                >
                  <img
                    alt=""
                    className="littleSuitImg rotated mr-1"
                    src="heart.png"
                  />
                </div>
                <div
                  className="row justify-content-end"
                >
                  <b
                    className="rotated mr-1"
                  >
                    <b
                      className="redText"
                    >
                      В
                    </b>
                  </b>
                </div>
              </div>
              <div
                className="col-1 card mb-1"
                onClick={[Function]}
              >
                <div
                  className="row"
                >
                  <b
                    className="ml-1"
                  >
                    <b
                      className="redText"
                    >
                      Д
                    </b>
                  </b>
                </div>
                <div
                  className="row"
                >
                  <img
                    alt=""
                    className="littleSuitImg ml-1"
                    src="heart.png"
                  />
                </div>
                <div
                  className="row justify-content-center"
                >
                  <img
                    alt=""
                    className="bigSuitImg my-2"
                    src="heart.png"
                  />
                </div>
                <div
                  className="row justify-content-end"
                >
                  <img
                    alt=""
                    className="littleSuitImg rotated mr-1"
                    src="heart.png"
                  />
                </div>
                <div
                  className="row justify-content-end"
                >
                  <b
                    className="rotated mr-1"
                  >
                    <b
                      className="redText"
                    >
                      Д
                    </b>
                  </b>
                </div>
              </div>
              <div
                className="col-1 card mb-1"
                onClick={[Function]}
              >
                <div
                  className="row"
                >
                  <b
                    className="ml-1"
                  >
                    <b
                      className="blackText"
                    >
                      Т
                    </b>
                  </b>
                </div>
                <div
                  className="row"
                >
                  <img
                    alt=""
                    className="littleSuitImg ml-1"
                    src="club.png"
                  />
                </div>
                <div
                  className="row justify-content-center"
                >
                  <img
                    alt=""
                    className="bigSuitImg my-2"
                    src="club.png"
                  />
                </div>
                <div
                  className="row justify-content-end"
                >
                  <img
                    alt=""
                    className="littleSuitImg rotated mr-1"
                    src="club.png"
                  />
                </div>
                <div
                  className="row justify-content-end"
                >
                  <b
                    className="rotated mr-1"
                  >
                    <b
                      className="blackText"
                    >
                      Т
                    </b>
                  </b>
                </div>
              </div>
              <div
                className="col-1 align-self-center"
              />
            </div>
          </div>
        </div>
        <div
          className="col-1"
        />
      </div>
      <div
        className="row justify-content-center"
      >
        <div
          className="col-auto"
        />
      </div>
    </div>
  </div>
</div>
`;

exports[`GameScreenContainer snapshot testing Store does not contain any cards 1`] = `
<div>
  <div
    className="container  my-1"
  >
    <div
      className="row justify-content-between"
    >
      <div
        className="col-auto"
      >
        <button
          className="btn btn-secondary mr-3"
          onClick={[Function]}
        >
          Новая игра
        </button>
      </div>
      <div
        className="col-auto"
      >
        <h3
          className="mt-2"
        >
          <span>
            —
          </span>
           
          Ваш ход!
        </h3>
      </div>
      <div
        className="col-2"
      />
    </div>
  </div>
  <div>
    <div
      className="container"
    >
      <div
        className="row"
      >
        <div
          className="col-1"
        />
        <div
          className="col-10"
        >
          <div
            className="container invisible"
          >
            <div
              className="row"
            >
              <div
                className="col-1 card mb-1 shirt"
              />
            </div>
          </div>
        </div>
        <div
          className="col-1"
        />
      </div>
    </div>
    <div
      className="container"
    >
      <div
        className="row align-items-center"
      >
        <div
          className="col-10"
        >
          <div
            className="container invisible"
          >
            <div
              className="row"
            >
              <div
                className="col-1 card mb-1 shirt"
              />
            </div>
          </div>
          <div
            className="container invisible"
          >
            <div
              className="row"
            >
              <div
                className="col-1 card mb-1 shirt"
              />
            </div>
          </div>
        </div>
        <div
          className="col-2"
        >
          <div
            className="container"
          >
            <div
              className="row"
            />
            <div
              className="row"
            >
              <div
                className="col-6"
              />
              <div
                className="col-6"
              >
                <div
                  className="container"
                >
                  <div
                    className="row justify-content-center"
                  >
                    <div
                      className="col-auto"
                    >
                      <b />
                    </div>
                  </div>
                </div>
              </div>
            </div>
          </div>
        </div>
      </div>
    </div>
    <div
      className="container"
    >
      <div
        className="row"
      >
        <div
          className="col-1"
        />
        <div
          className="col-10"
        >
          <div
            className="container invisible"
          >
            <div
              className="row"
            >
              <div
                className="col-1 card mb-1 shirt"
              />
            </div>
          </div>
        </div>
        <div
          className="col-1"
        />
      </div>
      <div
        className="row justify-content-center"
      >
        <div
          className="col-auto"
        />
      </div>
    </div>
  </div>
</div>
`;
