// Jest Snapshot v1, https://goo.gl/fbAQLP

exports[`GameStatistics snapshot testing 1`] = `
<div
  className="container"
>
  <div
    className="row justify-content-center mb-3 mt-5"
  >
    <div
      className="col-auto"
    >
      <h2>
        Статистика
      </h2>
    </div>
  </div>
  <div
    className="row justify-content-center mb-5"
  >
    <div
      className="col-6"
    >
      <h4
        className="text-right"
      >
        Побед:
      </h4>
      <h4
        className="text-right"
      >
        Ничьих:
      </h4>
      <h4
        className="text-right"
      >
        Поражений:
      </h4>
      <h4
        className="text-right"
      >
        Всего сыграно, игр:
      </h4>
    </div>
    <div
      className="col-6"
    >
      <h4>
        7
      </h4>
      <h4>
        5
      </h4>
      <h4>
        4
      </h4>
      <h4>
        16
      </h4>
    </div>
  </div>
  <div
    className="row justify-content-center"
  >
    <div
      className="col-auto"
    >
      <a
        onClick={[Function]}
        style={Object {}}
      >
        Новая игра
      </a>
    </div>
  </div>
</div>
`;
