// Jest Snapshot v1, https://goo.gl/fbAQLP

exports[`ShowStatisticsLink testing return markup 1`] = `
<a
  className="btn btn-secondary ml-2"
  onClick={[Function]}
  style={Object {}}
>
  <span>
    —
  </span>
   Игра закончена, смотреть статистику!
</a>
`;

exports[`ShowStatisticsLink testing return nothing 1`] = `null`;
